Started GET "/" for 127.0.0.1 at 2026-05-02 22:34:57 +0900
  [1m[35m (0.4ms)[0m  [1m[35mCREATE TABLE "schema_migrations" ("version" varchar NOT NULL PRIMARY KEY) /*application='God'*/[0m
  [1m[35m (0.1ms)[0m  [1m[35mCREATE TABLE "ar_internal_metadata" ("key" varchar NOT NULL PRIMARY KEY, "value" varchar, "created_at" datetime(6) NOT NULL, "updated_at" datetime(6) NOT NULL) /*application='God'*/[0m
  [1m[36mActiveRecord::SchemaMigration Load (0.1ms)[0m  [1m[34mSELECT "schema_migrations"."version" FROM "schema_migrations" ORDER BY "schema_migrations"."version" ASC /*application='God'*/[0m
Processing by DemeController#index as HTML
  Rendering layout layouts/application.html.erb
  Rendering deme/index.html.erb within layouts/application
  Rendered deme/index.html.erb within layouts/application (Duration: 0.7ms | GC: 0.0ms)
  Rendered layout layouts/application.html.erb (Duration: 2.6ms | GC: 0.1ms)
Completed 200 OK in 17ms (Views: 5.0ms | ActiveRecord: 0.0ms (0 queries, 0 cached) | GC: 0.4ms)


Started GET "/favicon.ico" for 127.0.0.1 at 2026-05-02 22:34:57 +0900
  
ActionController::RoutingError (No route matches [GET] "/favicon.ico"):
  
Started POST "/deme/search" for 127.0.0.1 at 2026-05-02 22:35:01 +0900
Processing by DemeController#search as HTML
  Parameters: {"authenticity_token"=>"[FILTERED]", "deme"=>"234"}
  Rendering layout layouts/application.html.erb
  Rendering deme/index.html.erb within layouts/application
  Rendered deme/index.html.erb within layouts/application (Duration: 0.2ms | GC: 0.0ms)
  Rendered layout layouts/application.html.erb (Duration: 0.6ms | GC: 0.0ms)
Completed 200 OK in 24ms (Views: 1.0ms | ActiveRecord: 0.0ms (0 queries, 0 cached) | GC: 0.0ms)


Started POST "/deme/search" for 127.0.0.1 at 2026-05-02 22:35:15 +0900
Processing by DemeController#search as HTML
  Parameters: {"authenticity_token"=>"[FILTERED]", "deme"=>"V6V"}
  Rendering layout layouts/application.html.erb
  Rendering deme/index.html.erb within layouts/application
  Rendered deme/index.html.erb within layouts/application (Duration: 0.4ms | GC: 0.0ms)
  Rendered layout layouts/application.html.erb (Duration: 1.8ms | GC: 0.0ms)
Completed 200 OK in 20ms (Views: 4.5ms | ActiveRecord: 0.0ms (0 queries, 0 cached) | GC: 0.0ms)


Started POST "/deme/search" for 127.0.0.1 at 2026-05-02 22:35:21 +0900
Processing by DemeController#search as HTML
  Parameters: {"authenticity_token"=>"[FILTERED]", "deme"=>"V7V"}
  Rendering layout layouts/application.html.erb
  Rendering deme/index.html.erb within layouts/application
  Rendered deme/index.html.erb within layouts/application (Duration: 0.2ms | GC: 0.0ms)
  Rendered layout layouts/application.html.erb (Duration: 0.6ms | GC: 0.0ms)
Completed 200 OK in 16ms (Views: 1.0ms | ActiveRecord: 0.0ms (0 queries, 0 cached) | GC: 0.0ms)


Started POST "/deme/search" for 127.0.0.1 at 2026-05-02 22:35:27 +0900
Processing by DemeController#search as HTML
  Parameters: {"authenticity_token"=>"[FILTERED]", "deme"=>"V5V"}
  Rendering layout layouts/application.html.erb
  Rendering deme/index.html.erb within layouts/application
  Rendered deme/index.html.erb within layouts/application (Duration: 0.2ms | GC: 0.0ms)
  Rendered layout layouts/application.html.erb (Duration: 0.6ms | GC: 0.0ms)
Completed 200 OK in 15ms (Views: 1.0ms | ActiveRecord: 0.0ms (0 queries, 0 cached) | GC: 0.0ms)


